Microsoft (R) Macro Assembler Version 14.43.34808.0	    03/05/25 11:10:44
03_03_2025.asm						     Page 1 - 1


				;Class Examples
				;COSC 350
				;Michael Fournier

				.386
				.model flat,stdcall
				.stack 4096
				ExitProcess proto,dwExitCode:dword
 00000000			.data
					; declare variables here
 00000000 66 72 69 64 61		myText	BYTE	"friday", "0ah", "0dh", 0
	   79 30 61 68 30
	   64 68 00
 0000000D 3F				myRev	BYTE	"?"

 00000000			.code
 00000000			main proc
					; Code Processes here
					;mov eax, 0
					;mov ecx, 3
					;top:
						;push ecx
						; Some code here
						;mov ecx, 3
						;top2:
						;add eax, 1
							;loop top2
						;pop ecx
						;loop top

 00000000			reverse proc
					; loop through each letter
 00000000  B9 0000000D			mov ecx, LENGTHOF myText
 00000005  BE 00000000 R		mov esi, OFFSET myText
 0000000A				revtop:
 0000000A  0F B6 06				movzx eax, BYTE PTR [esi]
 0000000D  46					inc esi
 0000000E  50					push eax
 0000000F  E2 F9				loop revtop


 00000011  B9 0000000D			mov ecx, LENGTHOF myText
 00000016  BE 0000000D R		mov esi, OFFSET myRev
 0000001B				revtime:
 0000001B  58					pop eax
 0000001C  46					inc esi
 0000001D  89 06				mov [esi], eax
 0000001F  E2 FA				loop revtime

 00000021  C3				ret

 00000022			reverse endp

					invoke ExitProcess, 0
 00000022  6A 00	   *	    push   +000000000h
 00000024  E8 00000000 E   *	    call   ExitProcess
 00000029			main endp
				end main
Microsoft (R) Macro Assembler Version 14.43.34808.0	    03/05/25 11:10:44
03_03_2025.asm						     Symbols 2 - 1




Segments and Groups:

                N a m e                 Size     Length   Align   Combine Class

FLAT . . . . . . . . . . . . . .	GROUP
STACK  . . . . . . . . . . . . .	32 Bit	 00001000 DWord	  Stack	  'STACK'	 
_DATA  . . . . . . . . . . . . .	32 Bit	 0000000E DWord	  Public  'DATA'	
_TEXT  . . . . . . . . . . . . .	32 Bit	 00000029 DWord	  Public  'CODE'	


Procedures, parameters, and locals:

                N a m e                 Type     Value    Attr

ExitProcess  . . . . . . . . . .	P Near	 00000000 FLAT	Length= 00000000 External STDCALL
main . . . . . . . . . . . . . .	P Near	 00000000 _TEXT	Length= 00000029 Public STDCALL
reverse  . . . . . . . . . . . .	P Near	 00000000 _TEXT	Length= 00000022 Public STDCALL
  revtop . . . . . . . . . . . .	L Near	 0000000A _TEXT	
  revtime  . . . . . . . . . . .	L Near	 0000001B _TEXT	


Symbols:

                N a m e                 Type     Value    Attr

@CodeSize  . . . . . . . . . . .	Number	 00000000h   
@DataSize  . . . . . . . . . . .	Number	 00000000h   
@Interface . . . . . . . . . . .	Number	 00000003h   
@Model . . . . . . . . . . . . .	Number	 00000007h   
@code  . . . . . . . . . . . . .	Text   	 _TEXT
@data  . . . . . . . . . . . . .	Text   	 FLAT
@fardata?  . . . . . . . . . . .	Text   	 FLAT
@fardata . . . . . . . . . . . .	Text   	 FLAT
@stack . . . . . . . . . . . . .	Text   	 FLAT
myRev  . . . . . . . . . . . . .	Byte	 0000000D _DATA	
myText . . . . . . . . . . . . .	Byte	 00000000 _DATA	

	   0 Warnings
	   0 Errors
